Starting a Gradle Daemon, 1 busy Daemon could not be reused, use --status for details

> Task :eventDeploy
Not running deploy task, skipping commit

> Task :createVersionFile
createVersionFile called. Path /Users/adamkoltuniuk/Documents/Github/Rebuilt2026/src/main/java/frc/robot

> Task :generateEffectiveLombokConfig UP-TO-DATE
> Task :spotlessInternalRegisterDependencies UP-TO-DATE
> Task :spotlessGroovyGradle UP-TO-DATE
> Task :spotlessGroovyGradleApply UP-TO-DATE
> Task :spotlessJava
> Task :spotlessJavaApply
> Task :spotlessJson UP-TO-DATE
> Task :spotlessJsonApply UP-TO-DATE
> Task :spotlessMisc UP-TO-DATE
> Task :spotlessMiscApply UP-TO-DATE
> Task :spotlessApply

> Task :compileJava
/Users/adamkoltuniuk/Documents/Github/Rebuilt2026/src/main/java/org/frc5010/common/config/json/devices/YamsConfigCommon.java:123: warning: [removal] withClosedLoopController(ExponentialProfilePIDController) in SmartMotorControllerConfig has been deprecated and marked for removal
              .withClosedLoopController(controller)
              ^
/Users/adamkoltuniuk/Documents/Github/Rebuilt2026/src/main/java/org/frc5010/common/config/json/devices/YamsConfigCommon.java:124: warning: [removal] withSimClosedLoopController(ExponentialProfilePIDController) in SmartMotorControllerConfig has been deprecated and marked for removal
              .withSimClosedLoopController(simController);
              ^
Note: Some input files use unchecked or unsafe operations.
Note: Recompile with -Xlint:unchecked for details.
2 warnings
[Incubating] Problems report is available at: file:///Users/adamkoltuniuk/Documents/Github/Rebuilt2026/build/reports/problems/problems-report.html

BUILD SUCCESSFUL in 9s
13 actionable tasks: 5 executed, 8 up-to-date
